public class Demo2 {
	public static void main(String s[]) {
		int age=0;
		 if ( age >= 65 )
			 System.out.println( "Age is greater than or equal to 65" );
			 else
			 System.out.println( "Age is less than 65 ");

	}
	 

}
